time="2026-02-05T19:15:36+08:00" level=info msg="天气机器人已启动"
开始请求天气接口
===API 响应===:  {"code":"200","updateTime":"2026-02-05T19:14+08:00","fxLink":"https://www.qweather.com/weather/jianli-101200805.html","now":{"obsTime":"2026-02-05T19:10+08:00","temp":"9","feelsLike":"7","icon":"501","text":"雾","wind360":"353","windDir":"北风","windScale":"1","windSpeed":"2","humidity":"87","precip":"0.0","pressure":"1015","vis":"2","cloud":"100","dew":"8"},"refer":{"sources":["QWeather"],"license":["QWeather Developers License"]}}
天气获取成功
开始请求天气接口
===API 响应===:  {"code":"200","updateTime":"2026-02-05T19:14+08:00","fxLink":"https://www.qweather.com/weather/jianli-101200805.html","daily":[{"fxDate":"2026-02-05","sunrise":"07:17","sunset":"18:09","moonrise":"21:38","moonset":"09:15","moonPhase":"亏凸月","moonPhaseIcon":"805","tempMax":"11","tempMin":"7","iconDay":"104","textDay":"阴","iconNight":"305","textNight":"小雨","wind360Day":"0","windDirDay":"北风","windScaleDay":"1-3","windSpeedDay":"3","wind360Night":"0","windDirNight":"北风","windScaleNight":"1-3","windSpeedNight":"3","humidity":"86","precip":"0.0","pressure":"1016","vis":"24","cloud":"25","uvIndex":"4"},{"fxDate":"2026-02-06","sunrise":"07:16","sunset":"18:10","moonrise":"22:35","moonset":"09:43","moonPhase":"亏凸月","moonPhaseIcon":"805","tempMax":"8","tempMin":"2","iconDay":"305","textDay":"小雨","iconNight":"104","textNight":"阴","wind360Day":"0","windDirDay":"北风","windScaleDay":"1-3","windSpeedDay":"16","wind360Night":"0","windDirNight":"北风","windScaleNight":"1-3","windSpeedNight":"3","humidity":"81","precip":"4.6","pressure":"1026","vis":"24","cloud":"73","uvIndex":"1"},{"fxDate":"2026-02-07","sunrise":"07:16","sunset":"18:11","moonrise":"23:31","moonset":"10:11","moonPhase":"亏凸月","moonPhaseIcon":"805","tempMax":"6","tempMin":"1","iconDay":"104","textDay":"阴","iconNight":"151","textNight":"多云","wind360Day":"0","windDirDay":"北风","windScaleDay":"1-3","windSpeedDay":"3","wind360Night":"45","windDirNight":"东北风","windScaleNight":"1-3","windSpeedNight":"3","humidity":"75","precip":"0.3","pressure":"1032","vis":"25","cloud":"55","uvIndex":"2"},{"fxDate":"2026-02-08","sunrise":"07:15","sunset":"18:12","moonrise":"","moonset":"10:40","moonPhase":"亏凸月","moonPhaseIcon":"805","tempMax":"10","tempMin":"1","iconDay":"101","textDay":"多云","iconNight":"305","textNight":"小雨","wind360Day":"45","windDirDay":"东北风","windScaleDay":"1-3","windSpeedDay":"3","wind360Night":"90","windDirNight":"东风","windScaleNight":"1-3","windSpeedNight":"3","humidity":"69","precip":"0.0","pressure":"1021","vis":"25","cloud":"0","uvIndex":"4"},{"fxDate":"2026-02-09","sunrise":"07:14","sunset":"18:13","moonrise":"00:27","moonset":"11:11","moonPhase":"下弦月","moonPhaseIcon":"806","tempMax":"7","tempMin":"1","iconDay":"305","textDay":"小雨","iconNight":"150","textNight":"晴","wind360Day":"225","windDirDay":"西南风","windScaleDay":"1-3","windSpeedDay":"3","wind360Night":"180","windDirNight":"南风","windScaleNight":"1-3","windSpeedNight":"3","humidity":"92","precip":"5.1","pressure":"1017","vis":"24","cloud":"90","uvIndex":"1"},{"fxDate":"2026-02-10","sunrise":"07:14","sunset":"18:13","moonrise":"01:23","moonset":"11:48","moonPhase":"残月","moonPhaseIcon":"807","tempMax":"8","tempMin":"2","iconDay":"305","textDay":"小雨","iconNight":"151","textNight":"多云","wind360Day":"225","windDirDay":"西南风","windScaleDay":"1-3","windSpeedDay":"3","wind360Night":"270","windDirNight":"西风","windScaleNight":"1-3","windSpeedNight":"3","humidity":"90","precip":"0.0","pressure":"1023","vis":"24","cloud":"25","uvIndex":"2"},{"fxDate":"2026-02-11","sunrise":"07:13","sunset":"18:14","moonrise":"02:20","moonset":"12:29","moonPhase":"残月","moonPhaseIcon":"807","tempMax":"15","tempMin":"3","iconDay":"101","textDay":"多云","iconNight":"150","textNight":"晴","wind360Day":"90","windDirDay":"东风","windScaleDay":"1-3","windSpeedDay":"3","wind360Night":"180","windDirNight":"南风","windScaleNight":"1-3","windSpeedNight":"3","humidity":"66","precip":"0.0","pressure":"1021","vis":"25","cloud":"0","uvIndex":"2"}],"refer":{"sources":["QWeather"],"license":["QWeather Developers License"]}}
天气获取成功
开始请求生活指数接口
==url===:  https://api.qweather.com/v7/indices/1d?type=1,2&key=4ad0328539dc404aabedda6732c633a4&location=101200805
生活指数获取成功
===indicesResponse===:  {[{运动指数 有扬沙或浮尘，建议适当停止户外运动，选择在室内进行运动，以避免吸入更多沙尘，有损健康。} {洗车指数 不宜洗车，未来24小时内有雾，如果在此期间洗车，会弄脏您的爱车。}]}
{"level":"info","msg":"消息发送成功","time":"2026-02-05T19:16:02+08:00"}
time="2026-02-05T19:16:02+08:00" level=info msg="每日天气报告发送成功"
{"level":"info","msg":"Doubao 生成的下班提醒: 叮！打工人专属下班铃正式响起～今天的你已经火力拉满完成所有任务啦，别把工作包袱背回家，快去撸顿热乎的，窝进软乎乎的小窝补满能量呀！","time":"2026-02-05T19:16:13+08:00"}
{"level":"info","msg":"消息发送成功","time":"2026-02-05T19:16:14+08:00"}
time="2026-02-05T19:16:14+08:00" level=info msg="下班提醒发送成功"
